//
//  VFR compiler version 2.01 (UEFI 2.4) Developer Build based on Revision: Unknown
//
#line 1 "c:\\edk2\\MdeModulePkg\\Universal\\DriverHealthManagerDxe\\DriverHealthManagerVfr.Vfr"
#line 1 "c:\\edk2\\Build\\Ovmf3264\\DEBUG_VS2019\\X64\\MdeModulePkg\\Universal\\DriverHealthManagerDxe\\DriverHealthManagerDxe\\DEBUG\\DriverHealthManagerDxeStrDefs.h"



























extern unsigned char DriverHealthManagerDxeStrings[];



































#line 65 "c:\\edk2\\Build\\Ovmf3264\\DEBUG_VS2019\\X64\\MdeModulePkg\\Universal\\DriverHealthManagerDxe\\DriverHealthManagerDxe\\DEBUG\\DriverHealthManagerDxeStrDefs.h"

#line 67 "c:\\edk2\\Build\\Ovmf3264\\DEBUG_VS2019\\X64\\MdeModulePkg\\Universal\\DriverHealthManagerDxe\\DriverHealthManagerDxe\\DEBUG\\DriverHealthManagerDxeStrDefs.h"
#line 1 "c:\\edk2\\MdeModulePkg\\Universal\\DriverHealthManagerDxe\\DriverHealthManagerVfr.Vfr"








#line 1 "c:\\edk2\\MdeModulePkg\\Universal\\DriverHealthManagerDxe\\DriverHealthManagerVfr.h"










#line 1 "c:\\edk2\\MdePkg\\Include\\Guid/HiiPlatformSetupFormset.h"



























extern EFI_GUID  gEfiHiiPlatformSetupFormsetGuid;
extern EFI_GUID  { 0xf22fc20c, 0x8cf4, 0x45eb, { 0x8e, 0x6, 0xad, 0x4e, 0x50, 0xb9, 0x5d, 0xd3 }};
extern EFI_GUID  gEfiHiiUserCredentialFormsetGuid;
extern EFI_GUID  gEfiHiiRestStyleFormsetGuid;

#line 34 "c:\\edk2\\MdePkg\\Include\\Guid/HiiPlatformSetupFormset.h"
#line 12 "c:\\edk2\\MdeModulePkg\\Universal\\DriverHealthManagerDxe\\DriverHealthManagerVfr.h"














#line 27 "c:\\edk2\\MdeModulePkg\\Universal\\DriverHealthManagerDxe\\DriverHealthManagerVfr.h"
#line 10 "c:\\edk2\\MdeModulePkg\\Universal\\DriverHealthManagerDxe\\DriverHealthManagerVfr.Vfr"

formset
>00000000: 0E A7 00 B0 B3 CF 63 0B 4B 44 B1 D1 12 D5 D9 5D C4 FC 02 00 03 00 01 71 99 03 93 45 85 04 4B B4 5E 32 EB 83 26 04 0E 
>00000039: 5C 06 00 00 00 00 
>00000045: 5C 06 00 00 01 00 
  guid      = { 0xcfb3b000, 0x0b63, 0x444b, { 0xb1, 0xd1, 0x12, 0xd5, 0xd9, 0x5d, 0xc4, 0xfc } },
  title     = STRING_TOKEN(0x0002),
  help      = STRING_TOKEN(0x0003),
  classguid = { 0x93039971, 0x8545, 0x4b04, { 0xb4, 0x5e, 0x32, 0xeb, 0x83, 0x26, 0x4, 0xe } },

  form formid = 0x1001,
>00000051: 01 86 01 10 02 00 
      title  = STRING_TOKEN(0x0002);

      label 0x2000;
>00000057: 5F 15 35 17 0B 0F A0 87 93 41 B2 66 53 8C 38 AF 48 CE 00 00 20 
      label 0x2001;
>00000078: 5F 15 35 17 0B 0F A0 87 93 41 B2 66 53 8C 38 AF 48 CE 00 01 20 

      suppressif TRUE;
>00000099: 0A 82 
>00000101: 46 02 
          text
              help  = STRING_TOKEN(0x0004),
              text  = STRING_TOKEN(0x0004),
              flags = INTERACTIVE,
>00000103: 0C 8F 04 00 04 00 01 00 00 00 FF FF 04 00 00 
              key   = 0x0001;
>00000118: 29 02 
      endif;
>00000120: 29 02 

  endform;
>00000122: 29 02 
endformset;
>00000124: 29 02 
//
//  All Opcode Record List
//
>00000000: 0E A7 00 B0 B3 CF 63 0B 4B 44 B1 D1 12 D5 D9 5D C4 FC 02 00 03 00 01 71 99 03 93 45 85 04 4B B4 5E 32 EB 83 26 04 0E 
>00000039: 5C 06 00 00 00 00 
>00000045: 5C 06 00 00 01 00 
>00000051: 01 86 01 10 02 00 
>00000057: 5F 15 35 17 0B 0F A0 87 93 41 B2 66 53 8C 38 AF 48 CE 00 00 20 
>00000078: 5F 15 35 17 0B 0F A0 87 93 41 B2 66 53 8C 38 AF 48 CE 00 01 20 
>00000099: 0A 82 
>00000101: 46 02 
>00000103: 0C 8F 04 00 04 00 01 00 00 00 FF FF 04 00 00 
>00000118: 29 02 
>00000120: 29 02 
>00000122: 29 02 
>00000124: 29 02 

Total Size of all record is 00000126

***************************************************************
PackAlign = 8
		struct EFI_HII_REF : Align : [16]  TotalSize : [0x16]

		struct EFI_HII_REF	{
			+00000000[00000000] QuestionId <UINT16>
			+00000002[00000002] FormId <UINT16>
			+00000004[00000004] FormSetGuid <EFI_GUID>
			+00000020[00000014] DevicePath <EFI_STRING_ID>
		};
---------------------------------------------------------------
		struct EFI_HII_TIME : Align : [1]  TotalSize : [0x3]

		struct EFI_HII_TIME	{
			+00000000[00000000] Hours <UINT8>
			+00000001[00000001] Minutes <UINT8>
			+00000002[00000002] Seconds <UINT8>
		};
---------------------------------------------------------------
		struct EFI_STRING_ID : Align : [2]  TotalSize : [0x2]

		struct EFI_STRING_ID	{
		};
---------------------------------------------------------------
		struct EFI_HII_DATE : Align : [2]  TotalSize : [0x4]

		struct EFI_HII_DATE	{
			+00000000[00000000] Year <UINT16>
			+00000002[00000002] Month <UINT8>
			+00000003[00000003] Day <UINT8>
		};
---------------------------------------------------------------
		struct EFI_GUID : Align : [8]  TotalSize : [0x10]

		struct EFI_GUID	{
		};
---------------------------------------------------------------
		struct BOOLEAN : Align : [1]  TotalSize : [0x1]

		struct BOOLEAN	{
		};
---------------------------------------------------------------
		struct UINT8 : Align : [1]  TotalSize : [0x1]

		struct UINT8	{
		};
---------------------------------------------------------------
		struct UINT16 : Align : [2]  TotalSize : [0x2]

		struct UINT16	{
		};
---------------------------------------------------------------
		struct UINT32 : Align : [4]  TotalSize : [0x4]

		struct UINT32	{
		};
---------------------------------------------------------------
		struct UINT64 : Align : [8]  TotalSize : [0x8]

		struct UINT64	{
		};
---------------------------------------------------------------
***************************************************************
