//
//  VFR compiler version 2.01 (UEFI 2.4) Developer Build based on Revision: Unknown
//
#line 1 "c:\\edk2\\MdeModulePkg\\Universal\\Disk\\RamDiskDxe\\RamDiskHii.vfr"
#line 1 "c:\\edk2\\Build\\Ovmf3264\\DEBUG_VS2019\\X64\\MdeModulePkg\\Universal\\Disk\\RamDiskDxe\\RamDiskDxe\\DEBUG\\RamDiskDxeStrDefs.h"










































extern unsigned char RamDiskDxeStrings[];





































#line 82 "c:\\edk2\\Build\\Ovmf3264\\DEBUG_VS2019\\X64\\MdeModulePkg\\Universal\\Disk\\RamDiskDxe\\RamDiskDxe\\DEBUG\\RamDiskDxeStrDefs.h"

#line 84 "c:\\edk2\\Build\\Ovmf3264\\DEBUG_VS2019\\X64\\MdeModulePkg\\Universal\\Disk\\RamDiskDxe\\RamDiskDxe\\DEBUG\\RamDiskDxeStrDefs.h"
#line 1 "c:\\edk2\\MdeModulePkg\\Universal\\Disk\\RamDiskDxe\\RamDiskHii.vfr"









#line 1 "c:\\edk2\\MdeModulePkg\\Universal\\Disk\\RamDiskDxe\\RamDiskNVData.h"












#line 1 "c:\\edk2\\MdePkg\\Include\\Guid/HiiPlatformSetupFormset.h"



























extern EFI_GUID  gEfiHiiPlatformSetupFormsetGuid;
extern EFI_GUID  gEfiHiiDriverHealthFormsetGuid;
extern EFI_GUID  gEfiHiiUserCredentialFormsetGuid;
extern EFI_GUID  gEfiHiiRestStyleFormsetGuid;

#line 34 "c:\\edk2\\MdePkg\\Include\\Guid/HiiPlatformSetupFormset.h"
#line 14 "c:\\edk2\\MdeModulePkg\\Universal\\Disk\\RamDiskDxe\\RamDiskNVData.h"
#line 1 "c:\\edk2\\MdeModulePkg\\Include\\Guid/RamDiskHii.h"
















extern EFI_GUID  { 0x2a46715f, 0x3581, 0x4a55, { 0x8e, 0x73, 0x2b, 0x76, 0x9a, 0xaa, 0x30, 0xc5 }};

#line 20 "c:\\edk2\\MdeModulePkg\\Include\\Guid/RamDiskHii.h"
#line 15 "c:\\edk2\\MdeModulePkg\\Universal\\Disk\\RamDiskDxe\\RamDiskNVData.h"

















typedef struct {
  
  
  
  UINT64    Size;
  
  
  
  UINT8     MemType;
} RAM_DISK_CONFIGURATION;

#line 45 "c:\\edk2\\MdeModulePkg\\Universal\\Disk\\RamDiskDxe\\RamDiskNVData.h"
#line 11 "c:\\edk2\\MdeModulePkg\\Universal\\Disk\\RamDiskDxe\\RamDiskHii.vfr"

formset
>00000000: 0E A7 5F 71 46 2A 81 35 55 4A 8E 73 2B 76 9A AA 30 C5 02 00 03 00 01 71 99 03 93 45 85 04 4B B4 5E 32 EB 83 26 04 0E 
>00000039: 5C 06 00 00 00 00 
>00000045: 5C 06 00 00 01 00 
  guid      = { 0x2a46715f, 0x3581, 0x4a55, {0x8e, 0x73, 0x2b, 0x76, 0x9a, 0xaa, 0x30, 0xc5} },
  title     = STRING_TOKEN(0x0002),
  help      = STRING_TOKEN(0x0003),
  classguid = { 0x93039971, 0x8545, 0x4b04, { 0xb4, 0x5e, 0x32, 0xeb, 0x83, 0x26, 0x4, 0xe } },

  
  
  
  form formid = 0x1000,
>00000051: 01 86 00 10 04 00 
    title  = STRING_TOKEN(0x0004);

    oneof
>00000057: 05 91 11 00 12 00 04 20 00 00 FF FF 04 10 00 01 00 
      questionid  = 0x2004,
        prompt      = STRING_TOKEN(0x0011),
        help        = STRING_TOKEN(0x0012),
        flags       = NUMERIC_SIZE_1 | INTERACTIVE,
        option text = STRING_TOKEN(0x0013), value = 0x00, flags = DEFAULT;
>00000083: 09 07 13 00 10 00 00 
        option text = STRING_TOKEN(0x0014), value = 0x01, flags = 0;
>00000090: 09 07 14 00 00 00 01 
    endoneof;
>00000097: 29 02 

    subtitle text = STRING_TOKEN(0x0005);
>00000099: 02 87 05 00 00 00 00 
>00000106: 29 02 

    goto 0x2000,
>00000108: 0F 0F 08 00 09 00 01 00 00 00 FF FF 00 00 20 
      prompt = STRING_TOKEN(0x0008),
      help   = STRING_TOKEN(0x0009);

    goto 0x1000,
>00000123: 0F 0F 0A 00 0B 00 01 10 00 00 FF FF 04 00 10 
      prompt = STRING_TOKEN(0x000A),
      help   = STRING_TOKEN(0x000B),
      flags  = INTERACTIVE,
      key    = 0x1001;

    subtitle text = STRING_TOKEN(0x0005);
>00000138: 02 87 05 00 00 00 00 
>00000145: 29 02 
    subtitle text = STRING_TOKEN(0x0006);
>00000147: 02 87 06 00 00 00 00 
>00000154: 29 02 

    label 0x1003;
>00000156: 5F 15 35 17 0B 0F A0 87 93 41 B2 66 53 8C 38 AF 48 CE 00 03 10 
    label 0x1004;
>00000177: 5F 15 35 17 0B 0F A0 87 93 41 B2 66 53 8C 38 AF 48 CE 00 04 10 

    subtitle text = STRING_TOKEN(0x0005);
>00000198: 02 87 05 00 00 00 00 
>00000205: 29 02 

    text
      help   = STRING_TOKEN(0x000C),
      text   = STRING_TOKEN(0x000D),
      flags  = INTERACTIVE,
>00000207: 0C 8F 0D 00 0C 00 02 10 00 00 FF FF 04 00 00 
      key    = 0x1002;
>00000222: 29 02 

  endform;
>00000224: 29 02 

  
  
  
  form formid = 0x2000,
>00000226: 01 86 00 20 0E 00 
    title  = STRING_TOKEN(0x000E);

    subtitle text = STRING_TOKEN(0x0005);
>00000232: 02 87 05 00 00 00 00 
>00000239: 29 02 

    numeric
>00000241: 07 A6 0F 00 10 00 01 20 00 00 FF FF 04 23 01 00 00 00 00 00 00 00 FF FF FF FF 00 00 00 00 00 00 00 00 00 00 00 00 
      questionid = 0x2001,
      prompt  = STRING_TOKEN(0x000F),
      help    = STRING_TOKEN(0x0010),
      flags   = NUMERIC_SIZE_8 | DISPLAY_UINT_HEX | INTERACTIVE,
      minimum = 1,
      maximum = 0xFFFFFFFFFFFFFFFF,
    endnumeric;
>00000267: 29 02 

    subtitle text = STRING_TOKEN(0x0005);
>00000269: 02 87 05 00 00 00 00 
>00000276: 29 02 

    text
      help   = STRING_TOKEN(0x0015),
      text   = STRING_TOKEN(0x0016),
      flags  = INTERACTIVE,
>00000278: 0C 8F 16 00 15 00 02 20 00 00 FF FF 04 00 00 
      key    = 0x2002;
>00000293: 29 02 

    text
      help   = STRING_TOKEN(0x0017),
      text   = STRING_TOKEN(0x0018),
      flags  = INTERACTIVE,
>00000295: 0C 8F 18 00 17 00 03 20 00 00 FF FF 04 00 00 
      key    = 0x2003;
>00000310: 29 02 

  endform;
>00000312: 29 02 

endformset;
>00000314: 29 02 
//
//  All Opcode Record List
//
>00000000: 0E A7 5F 71 46 2A 81 35 55 4A 8E 73 2B 76 9A AA 30 C5 02 00 03 00 01 71 99 03 93 45 85 04 4B B4 5E 32 EB 83 26 04 0E 
>00000039: 5C 06 00 00 00 00 
>00000045: 5C 06 00 00 01 00 
>00000051: 01 86 00 10 04 00 
>00000057: 05 91 11 00 12 00 04 20 00 00 FF FF 04 10 00 01 00 
>00000083: 09 07 13 00 10 00 00 
>00000090: 09 07 14 00 00 00 01 
>00000097: 29 02 
>00000099: 02 87 05 00 00 00 00 
>00000106: 29 02 
>00000108: 0F 0F 08 00 09 00 01 00 00 00 FF FF 00 00 20 
>00000123: 0F 0F 0A 00 0B 00 01 10 00 00 FF FF 04 00 10 
>00000138: 02 87 05 00 00 00 00 
>00000145: 29 02 
>00000147: 02 87 06 00 00 00 00 
>00000154: 29 02 
>00000156: 5F 15 35 17 0B 0F A0 87 93 41 B2 66 53 8C 38 AF 48 CE 00 03 10 
>00000177: 5F 15 35 17 0B 0F A0 87 93 41 B2 66 53 8C 38 AF 48 CE 00 04 10 
>00000198: 02 87 05 00 00 00 00 
>00000205: 29 02 
>00000207: 0C 8F 0D 00 0C 00 02 10 00 00 FF FF 04 00 00 
>00000222: 29 02 
>00000224: 29 02 
>00000226: 01 86 00 20 0E 00 
>00000232: 02 87 05 00 00 00 00 
>00000239: 29 02 
>00000241: 07 A6 0F 00 10 00 01 20 00 00 FF FF 04 23 01 00 00 00 00 00 00 00 FF FF FF FF 00 00 00 00 00 00 00 00 00 00 00 00 
>00000267: 29 02 
>00000269: 02 87 05 00 00 00 00 
>00000276: 29 02 
>00000278: 0C 8F 16 00 15 00 02 20 00 00 FF FF 04 00 00 
>00000293: 29 02 
>00000295: 0C 8F 18 00 17 00 03 20 00 00 FF FF 04 00 00 
>00000310: 29 02 
>00000312: 29 02 
>00000314: 29 02 

Total Size of all record is 00000316

***************************************************************
PackAlign = 8
		struct RAM_DISK_CONFIGURATION : Align : [8]  TotalSize : [0x10]

		struct RAM_DISK_CONFIGURATION	{
			+00000000[00000000] Size <UINT64>
			+00000008[00000008] MemType <UINT8>
		};
---------------------------------------------------------------
		struct EFI_HII_REF : Align : [16]  TotalSize : [0x16]

		struct EFI_HII_REF	{
			+00000000[00000000] QuestionId <UINT16>
			+00000002[00000002] FormId <UINT16>
			+00000004[00000004] FormSetGuid <EFI_GUID>
			+00000020[00000014] DevicePath <EFI_STRING_ID>
		};
---------------------------------------------------------------
		struct EFI_HII_TIME : Align : [1]  TotalSize : [0x3]

		struct EFI_HII_TIME	{
			+00000000[00000000] Hours <UINT8>
			+00000001[00000001] Minutes <UINT8>
			+00000002[00000002] Seconds <UINT8>
		};
---------------------------------------------------------------
		struct EFI_STRING_ID : Align : [2]  TotalSize : [0x2]

		struct EFI_STRING_ID	{
		};
---------------------------------------------------------------
		struct EFI_HII_DATE : Align : [2]  TotalSize : [0x4]

		struct EFI_HII_DATE	{
			+00000000[00000000] Year <UINT16>
			+00000002[00000002] Month <UINT8>
			+00000003[00000003] Day <UINT8>
		};
---------------------------------------------------------------
		struct EFI_GUID : Align : [8]  TotalSize : [0x10]

		struct EFI_GUID	{
		};
---------------------------------------------------------------
		struct BOOLEAN : Align : [1]  TotalSize : [0x1]

		struct BOOLEAN	{
		};
---------------------------------------------------------------
		struct UINT8 : Align : [1]  TotalSize : [0x1]

		struct UINT8	{
		};
---------------------------------------------------------------
		struct UINT16 : Align : [2]  TotalSize : [0x2]

		struct UINT16	{
		};
---------------------------------------------------------------
		struct UINT32 : Align : [4]  TotalSize : [0x4]

		struct UINT32	{
		};
---------------------------------------------------------------
		struct UINT64 : Align : [8]  TotalSize : [0x8]

		struct UINT64	{
		};
---------------------------------------------------------------
***************************************************************
